// Jest Snapshot v1, https://goo.gl/fbAQLP

exports[`Snapshots 1`] = `
Array [
  Object {
    "className": "Drawing",
    "probability": 0.5632437467575073,
  },
  Object {
    "className": "Neutral",
    "probability": 0.42384570837020874,
  },
  Object {
    "className": "Hentai",
    "probability": 0.0072760735638439655,
  },
  Object {
    "className": "Porn",
    "probability": 0.003543272614479065,
  },
  Object {
    "className": "Sexy",
    "probability": 0.002091184025630355,
  },
]
`;
